 #---------------------MU random scenario
 - case_name      = mu_random_scenario_test
   uvm_tc         = random_scenario_test
   vcs_tb_args    = +random_scenario_name=mu_random+test_mode=INT_TEST
   batch_times    = 1

 - case_name      = mu_safe_random_scenario_test
   uvm_tc         = random_scenario_test
   vcs_tb_args    = +random_scenario_name=mu_safe_random+test_mode=INT_TEST
   batch_times    = 1

 - case_name      = mu_branch_random_scenario_test
   uvm_tc         = random_scenario_test
   vcs_tb_args    = +random_scenario_name=mu_branch_random+test_mode=INT_TEST
   batch_times    = 1

 - case_name      = mu_c_random_scenario_test
   uvm_tc         = random_scenario_test
   vcs_tb_args    = +random_scenario_name=mu_c_random+test_mode=INT_TEST
   batch_times    = 1

 - case_name      = mu_ls_random_scenario_test
   uvm_tc         = random_scenario_test
   vcs_tb_args    = +random_scenario_name=mu_ls_random+test_mode=INT_TEST
   batch_times    = 1

 - case_name      = mu_fetch_exception_random_scenario_test
   uvm_tc         = random_scenario_test
   vcs_tb_args    = +random_scenario_name=mu_fetch_exception_random+test_mode=INT_TEST+fetch_start_exception_pct=100+fetch_control_exception_pct=0+fetch_end_exception_pct=0
   batch_times    = 1
